Linux version 6.12.0 (runner@runnervmeorf1) (gcc (Ubuntu 13.3.0-6ubuntu2~24.04.1) 13.3.0, GNU ld (GNU Binutils for Ubuntu) 2.42) #1 Mon May 11 09:16
Command line: console=ttyS0 init=/bin/sh
BIOS-provided physical RAM map:
BIOS-e820: [mem 0x0000000000000000-0x000000000009fbff] usable
BIOS-e820: [mem 0x000000000009fc00-0x000000000009ffff] reserved
BIOS-e820: [mem 0x00000000000f0000-0x00000000000fffff] reserved
BIOS-e820: [mem 0x0000000000100000-0x000000001ffdffff] usable
BIOS-e820: [mem 0x000000001ffe0000-0x000000001fffffff] reserved
BIOS-e820: [mem 0x00000000fffc0000-0x00000000ffffffff] reserved
BIOS-e820: [mem 0x000000fd00000000-0x000000ffffffffff] reserved
NX (Execute Disable) protection: active
APIC: Static calls initialized
last_pfn = 0x1ffe0 max_arch_pfn = 0x400000000
x86/PAT: PAT support disabled because CONFIG_X86_PAT is disabled in the kernel.
x86/PAT: Configuration [0-7]: WB  WT  UC- UC  WB  WT  UC- UC  
found SMP MP-table at [mem 0x000f5480-0x000f548f]
RAMDISK: [mem 0x1f45f000-0x1ffdffff]
Intel MultiProcessor Specification v1.4
MPTABLE: OEM ID: BOCHSCPU
MPTABLE: Product ID: 0.1         
MPTABLE: APIC at: 0xFEE00000
Zone ranges:
  DMA32    [mem 0x0000000000001000-0x000000001ffdffff]
  Normal   empty
Movable zone start for each node
Early memory node ranges
  node   0: [mem 0x0000000000001000-0x000000000009efff]
  node   0: [mem 0x0000000000100000-0x000000001ffdffff]
Initmem setup node 0 [mem 0x0000000000001000-0x000000001ffdffff]
On node 0, zone DMA32: 1 pages in unavailable ranges
On node 0, zone DMA32: 97 pages in unavailable ranges
On node 0, zone DMA32: 32 pages in unavailable ranges
Intel MultiProcessor Specification v1.4
MPTABLE: OEM ID: BOCHSCPU
MPTABLE: Product ID: 0.1         
MPTABLE: APIC at: 0xFEE00000
Processor #0 (Bootup-CPU)
IOAPIC[0]: apic_id 0, version 32, address 0xfec00000, GSI 0-23
Processors: 1
CPU topo: Max. logical packages:   1
CPU topo: Max. logical dies:       1
CPU topo: Max. dies per package:   1
CPU topo: Max. threads per core:   1
CPU topo: Num. cores per package:     1
CPU topo: Num. threads per package:   1
CPU topo: Allowing 1 present CPUs plus 0 hotplug CPUs
[mem 0x20000000-0xfffbffff] available for PCI devices
clocksource: refined-jiffies: mask: 0xffffffff max_cycles: 0xffffffff, max_idle_ns: 7645519600211568 ns
Kernel command line: console=ttyS0 init=/bin/sh
Dentry cache hash table entries: 65536 (order: 7, 524288 bytes, linear)
Inode-cache hash table entries: 32768 (order: 6, 262144 bytes, linear)
Built 1 zonelists, mobility grouping on.  Total pages: 130942
mem auto-init: stack:all(zero), heap alloc:off, heap free:off
SLUB: HWalign=64, Order=0-1, MinObjects=0, CPUs=1, Nodes=1
NR_IRQS: 4352, nr_irqs: 48, preallocated irqs: 16
Console: colour VGA+ 80x25
printk: legacy console [ttyS0] enabled
APIC: Switch to symmetric I/O mode setup
..TIMER: vector=0x30 apic1=0 pin1=2 apic2=-1 pin2=-1
tsc: Unable to calibrate against PIT
tsc: No reference (HPET/PMTIMER) available
tsc: Marking TSC unstable due to could not calculate TSC khz
Calibrating delay loop... 413.18 BogoMIPS (lpj=826368)
Last level iTLB entries: 4KB 512, 2MB 255, 4MB 127
Last level dTLB entries: 4KB 512, 2MB 255, 4MB 127, 1GB 0
CPU: AMD QEMU Virtual CPU version 2.5+ (family: 0xf, model: 0x6b, stepping: 0x1)
x86/fpu: x87 FPU will use FXSAVE
pid_max: default: 32768 minimum: 301
Mount-cache hash table entries: 1024 (order: 1, 8192 bytes, linear)
Mountpoint-cache hash table entries: 1024 (order: 1, 8192 bytes, linear)
Performance Events: PMU not available due to virtualization, using software events only.
signal: max sigframe size: 1040
Memory: 491172K/523768K available (6144K kernel code, 832K rwdata, 484K rodata, 552K init, 656K bss, 31720K reserved, 0K cma-reserved)
devtmpfs: initialized
clocksource: jiffies: mask: 0xffffffff max_cycles: 0xffffffff, max_idle_ns: 7645041785100000 ns
NET: Registered PF_NETLINK/PF_ROUTE protocol family
clocksource: Switched to clocksource refined-jiffies
NET: Registered PF_INET protocol family
IP idents hash table entries: 8192 (order: 4, 65536 bytes, linear)
tcp_listen_portaddr_hash hash table entries: 512 (order: 0, 4096 bytes, linear)
Table-perturb hash table entries: 65536 (order: 6, 262144 bytes, linear)
TCP established hash table entries: 4096 (order: 3, 32768 bytes, linear)
TCP bind hash table entries: 4096 (order: 4, 65536 bytes, linear)
TCP: Hash tables configured (established 4096 bind 4096)
UDP hash table entries: 256 (order: 1, 8192 bytes, linear)
UDP-Lite hash table entries: 256 (order: 1, 8192 bytes, linear)
NET: Registered PF_UNIX/PF_LOCAL protocol family
platform rtc_cmos: registered platform RTC device (no PNP device found)
Unpacking initramfs...
workingset: timestamp_bits=62 max_order=17 bucket_order=0
NET: Registered PF_ALG protocol family
Serial: 8250/16550 driver, 4 ports, IRQ sharing disabled
serial8250: ttyS0 at I/O 0x3f8 (irq = 4, base_baud = 115200) is a 16550A
serio: i8042 KBD port at 0x60,0x64 irq 1
serio: i8042 AUX port at 0x60,0x64 irq 12
NET: Registered PF_INET6 protocol family
input: AT Translated Set 2 keyboard as /devices/platform/i8042/serio0/input/input0
Segment Routing with IPv6
In-situ OAM (IOAM) with IPv6
sit: IPv6, IPv4 and MPLS over IPv4 tunneling driver
input: ImExPS/2 Generic Explorer Mouse as /devices/platform/i8042/serio1/input/input2
Freeing initrd memory: 11780K
Freeing unused kernel image (initmem) memory: 552K
Write protecting the kernel read-only data: 8192k
Freeing unused kernel image (rodata/data gap) memory: 1564K
Run /init as init process
Failed to execute /init (error -2)
Run /bin/sh as init process
Kernel panic - not syncing: Requested init /bin/sh failed (error -2).
Kernel Offset: disabled
---[ end Kernel panic - not syncing: Requested init /bin/sh failed (error -2). ]---
QEMU: Terminated
root@codespaces-7d5e89:/workspaces/ExamenTeorico# mkdir -p /tmp/initramfs_check
root@codespaces-7d5e89:/workspaces/ExamenTeorico# cd /workspaces/ExamenTeorico
root@codespaces-7d5e89:/workspaces/ExamenTeorico# cat scripts/02_build_rootfs.sh | head -50
#!/usr/bin/env bash
# scripts/02_build_rootfs.sh
# Construye el initramfs con BusyBox + Python 3.10 + SSH
# Los estudiantes necesitan Python 3.10+ para ejecutar el PoC (os.splice)
set -euo pipefail

SCRIPT_DIR="$(cd "$(dirname "${BASH_SOURCE[0]}")" && pwd)"
WORKSPACE_ROOT="$(cd "$SCRIPT_DIR/.." && pwd)"
BUSYBOX_SRC="$WORKSPACE_ROOT/kernel/busybox"
INITRAMFS_DIR="$WORKSPACE_ROOT/kernel/initramfs"
BUILD_DIR="$WORKSPACE_ROOT/kernel/build"
JOBS=$(nproc)

GREEN='\033[1;32m'
CYAN='\033[1;36m'
YELLOW='\033[1;33m'
NC='\033[0m'

echo -e "${CYAN}[1/6] Clonando BusyBox...${NC}"
if [ ! -d "$BUSYBOX_SRC" ]; then
  git clone --depth 1 https://git.busybox.net/busybox "$BUSYBOX_SRC"
fi

cd "$BUSYBOX_SRC"
echo -e "${CYAN}[2/6] Configurando BusyBox (binario estático)...${NC}"
make defconfig
# Compilación estática para no necesitar librerías externas

sed -i 's/# CONFIG_STATIC is not set/CONFIG_STATIC=y/' .config
grep -q "CONFIG_STATIC=y" .config || echo "CONFIG_STATIC=y" >> .config
sed -i 's/CONFIG_TC=y/CONFIG_TC=n/' .config   

echo -e "${CYAN}[3/6] Compilando BusyBox...${NC}"
make -j"$JOBS" 2>&1 | tail -3

echo -e "${CYAN}[4/6] Instalando BusyBox en el initramfs...${NC}"
mkdir -p "$INITRAMFS_DIR"
make CONFIG_PREFIX="$INITRAMFS_DIR" install

# ── Estructura mínima del sistema de archivos ──────────────────────────────────
mkdir -p "$INITRAMFS_DIR"/{proc,sys,dev,tmp,etc,root,home/student,usr/bin,run}

# Python 3 del host → copiarlo al initramfs con sus dependencias
echo -e "${CYAN}[5/6] Incluyendo Python 3 en el initramfs...${NC}"
PYTHON_BIN=$(which python3)
cp "$PYTHON_BIN" "$INITRAMFS_DIR/usr/bin/python3"
# Copiar librerías necesarias para Python
for lib in $(ldd "$PYTHON_BIN" 2>/dev/null | grep -oE '/[^ ]+\.so[^ ]*'); do
  mkdir -p "$INITRAMFS_DIR$(dirname $lib)"
  cp -L "$lib" "$INITRAMFS_DIR$lib" 2>/dev/null || true
root@codespaces-7d5e89:/workspaces/ExamenTeorico# mkdir -p /tmp/icheck
root@codespaces-7d5e89:/workspaces/ExamenTeorico# cd /tmp/icheck
root@codespaces-7d5e89:/tmp/icheck# zcat /workspaces/ExamenTeorico/kernel/build/initramfs.cpio.gz | cpio -id 2>/dev/null
root@codespaces-7d5e89:/tmp/icheck# file bin/busybox
bash: file: command not found
root@codespaces-7d5e89:/tmp/icheck# file
bash: file: command not found
root@codespaces-7d5e89:/tmp/icheck# apt update
Get:1 http://security.ubuntu.com/ubuntu noble-security InRelease [126 kB]
Get:2 http://archive.ubuntu.com/ubuntu noble InRelease [256 kB]
Get:3 http://archive.ubuntu.com/ubuntu noble-updates InRelease [126 kB]
Get:4 http://archive.ubuntu.com/ubuntu noble-backports InRelease [126 kB]
Get:5 http://archive.ubuntu.com/ubuntu noble/restricted amd64 Packages [117 kB]
Get:6 http://archive.ubuntu.com/ubuntu noble/main amd64 Packages [1808 kB]
Get:7 http://archive.ubuntu.com/ubuntu noble/multiverse amd64 Packages [331 kB]
Get:8 http://archive.ubuntu.com/ubuntu noble/universe amd64 Packages [19.3 MB]
Get:9 http://archive.ubuntu.com/ubuntu noble-updates/main amd64 Packages [2451 kB]
Get:10 http://archive.ubuntu.com/ubuntu noble-updates/restricted amd64 Packages [3901 kB]
Get:11 http://archive.ubuntu.com/ubuntu noble-updates/universe amd64 Packages [2147 kB]
Get:12 http://archive.ubuntu.com/ubuntu noble-updates/multiverse amd64 Packages [54.1 kB]
Get:13 http://archive.ubuntu.com/ubuntu noble-backports/universe amd64 Packages [35.9 kB]
Get:14 http://archive.ubuntu.com/ubuntu noble-backports/multiverse amd64 Packages [671 B]
Get:15 http://archive.ubuntu.com/ubuntu noble-backports/main amd64 Packages [49.0 kB]
Get:16 http://security.ubuntu.com/ubuntu noble-security/universe amd64 Packages [1504 kB]
Get:17 http://security.ubuntu.com/ubuntu noble-security/multiverse amd64 Packages [34.2 kB]
Get:18 http://security.ubuntu.com/ubuntu noble-security/restricted amd64 Packages [3610 kB]
Get:19 http://security.ubuntu.com/ubuntu noble-security/main amd64 Packages [2038 kB]
Fetched 38.0 MB in 2s (18.5 MB/s)                      
Reading package lists... Done
Building dependency tree... Done
Reading state information... Done
2 packages can be upgraded. Run 'apt list --upgradable' to see them.
root@codespaces-7d5e89:/tmp/icheck# apt install -y file
Reading package lists... Done
Building dependency tree... Done
Reading state information... Done
The following additional packages will be installed:
  libmagic-mgc libmagic1t64
The following NEW packages will be installed:
  file libmagic-mgc libmagic1t64
0 upgraded, 3 newly installed, 0 to remove and 2 not upgraded.
Need to get 417 kB of archives.
After this operation, 8816 kB of additional disk space will be used.
Get:1 http://archive.ubuntu.com/ubuntu noble/main amd64 libmagic-mgc amd64 1:5.45-3build1 [307 kB]
Get:2 http://archive.ubuntu.com/ubuntu noble/main amd64 libmagic1t64 amd64 1:5.45-3build1 [87.2 kB]
Get:3 http://archive.ubuntu.com/ubuntu noble/main amd64 file amd64 1:5.45-3build1 [22.0 kB]
Fetched 417 kB in 0s (5721 kB/s)
perl: warning: Setting locale failed.
perl: warning: Please check that your locale settings:
        LANGUAGE = (unset),
        LC_ALL = (unset),
        LANG = "en_US.UTF-8"
    are supported and installed on your system.
perl: warning: Falling back to the standard locale ("C").
debconf: delaying package configuration, since apt-utils is not installed
Selecting previously unselected package libmagic-mgc.
(Reading database ... 18776 files and directories currently installed.)
Preparing to unpack .../libmagic-mgc_1%3a5.45-3build1_amd64.deb ...
Unpacking libmagic-mgc (1:5.45-3build1) ...
Selecting previously unselected package libmagic1t64:amd64.
Preparing to unpack .../libmagic1t64_1%3a5.45-3build1_amd64.deb ...
Unpacking libmagic1t64:amd64 (1:5.45-3build1) ...
Selecting previously unselected package file.
Preparing to unpack .../file_1%3a5.45-3build1_amd64.deb ...
Unpacking file (1:5.45-3build1) ...
Setting up libmagic-mgc (1:5.45-3build1) ...
Setting up libmagic1t64:amd64 (1:5.45-3build1) ...
Setting up file (1:5.45-3build1) ...
Processing triggers for libc-bin (2.39-0ubuntu8.7) ...
root@codespaces-7d5e89:/tmp/icheck# cd /tmp/icheck
root@codespaces-7d5e89:/tmp/icheck# file bin/busybox
bin/busybox: ELF 64-bit LSB executable, x86-64, version 1 (GNU/Linux), statically linked, BuildID[sha1]=b9cce684e7cef3f145d6356eb1f0b516644fc089, fd
root@codespaces-7d5e89:/tmp/icheck# cat /tmp/icheck/init
#!/bin/sh
mount -t proc none /proc
mount -t sysfs none /sys
mount -t devtmpfs none /dev 2>/dev/null || mdev -s
mount -t tmpfs none /tmp

# Cargar módulos crypto necesarios para la vulnerabilidad
modprobe algif_aead 2>/dev/null || true
modprobe authencesn 2>/dev/null || true

# Hostname identificador (para validación anti-copia)
STUDENT_ID="${STUDENT_ID:-unknown}"
hostname "copy-fail-${STUDENT_ID}"

echo ""
echo "  ╔══════════════════════════════════════════╗"
echo "  ║   KERNEL VULNERABLE — CVE-2026-31431     ║"
echo "  ║   $(uname -r | cut -c1-42)               ║"
echo "  ╚══════════════════════════════════════════╝"
echo ""

# Iniciar SSH daemon si existe
if [ -x /usr/sbin/sshd ]; then
  /usr/sbin/sshd -D &
fi

# Login como student (sin privilegios)
exec su - student
root@codespaces-7d5e89:/tmp/icheck# ^C
root@codespaces-7d5e89:/tmp/icheck# ^C
root@codespaces-7d5e89:/tmp/icheck# q
bash: q: command not found
root@codespaces-7d5e89:/tmp/icheck# cd  /workspaces/ExamenTeorico
root@codespaces-7d5e89:/workspaces/ExamenTeorico# touch evidencia
root@codespaces-7d5e89:/workspaces/ExamenTeorico# touchevidence/hito1_kernel_vulnerable.txt
bash: touchevidence/hito1_kernel_vulnerable.txt: No such file or directory
root@codespaces-7d5e89:/workspaces/ExamenTeorico# touch evidence/hito1_kernel_vulnerable.txt
root@codespaces-7d5e89:/workspaces/ExamenTeorico# 